ERROR - 2026-09-22 08:45:51 --> Error connecting to the database: Error: Class "SQLite3" not found in /home/andry/Documents/S5/MrRojo/REST/TP/codeigniter4-Init/codeIgniter4/system/Database/SQLite3/Connection.php:111
Stack trace:
#0 /home/andry/Documents/S5/MrRojo/REST/TP/codeigniter4-Init/codeIgniter4/system/Database/BaseConnection.php(555): CodeIgniter\Database\SQLite3\Connection->connect()
#1 /home/andry/Documents/S5/MrRojo/REST/TP/codeigniter4-Init/codeIgniter4/system/Database/SQLite3/Connection.php(74): CodeIgniter\Database\BaseConnection->initialize()
#2 /home/andry/Documents/S5/MrRojo/REST/TP/codeigniter4-Init/codeIgniter4/system/Database/BaseConnection.php(795): CodeIgniter\Database\SQLite3\Connection->initialize()
#3 /home/andry/Documents/S5/MrRojo/REST/TP/codeigniter4-Init/codeIgniter4/system/Database/BaseConnection.php(1706): CodeIgniter\Database\BaseConnection->query()
#4 /home/andry/Documents/S5/MrRojo/REST/TP/codeigniter4-Init/codeIgniter4/system/Database/BaseConnection.php(1726): CodeIgniter\Database\BaseConnection->listTables()
#5 /home/andry/Documents/S5/MrRojo/REST/TP/codeigniter4-Init/codeIgniter4/system/Database/MigrationRunner.php(821): CodeIgniter\Database\BaseConnection->tableExists()
#6 /home/andry/Documents/S5/MrRojo/REST/TP/codeigniter4-Init/codeIgniter4/system/Database/MigrationRunner.php(173): CodeIgniter\Database\MigrationRunner->ensureTable()
#7 /home/andry/Documents/S5/MrRojo/REST/TP/codeigniter4-Init/codeIgniter4/system/Commands/Database/Migrate.php(89): CodeIgniter\Database\MigrationRunner->latest()
#8 /home/andry/Documents/S5/MrRojo/REST/TP/codeigniter4-Init/codeIgniter4/system/CLI/SignalTrait.php(245): CodeIgniter\Commands\Database\Migrate::{closure:CodeIgniter\Commands\Database\Migrate::run():88}()
#9 /home/andry/Documents/S5/MrRojo/REST/TP/codeigniter4-Init/codeIgniter4/system/Commands/Database/Migrate.php(88): CodeIgniter\Commands\Database\Migrate->withSignalsBlocked()
#10 /home/andry/Documents/S5/MrRojo/REST/TP/codeigniter4-Init/codeIgniter4/system/CLI/Commands.php(74): CodeIgniter\Commands\Database\Migrate->run()
#11 /home/andry/Documents/S5/MrRojo/REST/TP/codeigniter4-Init/codeIgniter4/system/CLI/Console.php(47): CodeIgniter\CLI\Commands->run()
#12 /home/andry/Documents/S5/MrRojo/REST/TP/codeigniter4-Init/codeIgniter4/system/Boot.php(442): CodeIgniter\CLI\Console->run()
#13 /home/andry/Documents/S5/MrRojo/REST/TP/codeigniter4-Init/codeIgniter4/system/Boot.php(166): CodeIgniter\Boot::runCommand()
#14 /home/andry/Documents/S5/MrRojo/REST/TP/codeigniter4-Init/codeIgniter4/spark(87): CodeIgniter\Boot::bootSpark()
#15 {main}
ERROR - 2026-09-22 08:48:16 --> Error connecting to the database: Error: Class "SQLite3" not found in /home/andry/Documents/S5/MrRojo/REST/TP/codeigniter4-Init/codeIgniter4/system/Database/SQLite3/Connection.php:111
Stack trace:
#0 /home/andry/Documents/S5/MrRojo/REST/TP/codeigniter4-Init/codeIgniter4/system/Database/BaseConnection.php(555): CodeIgniter\Database\SQLite3\Connection->connect()
#1 /home/andry/Documents/S5/MrRojo/REST/TP/codeigniter4-Init/codeIgniter4/system/Database/SQLite3/Connection.php(74): CodeIgniter\Database\BaseConnection->initialize()
#2 /home/andry/Documents/S5/MrRojo/REST/TP/codeigniter4-Init/codeIgniter4/system/Database/BaseConnection.php(795): CodeIgniter\Database\SQLite3\Connection->initialize()
#3 /home/andry/Documents/S5/MrRojo/REST/TP/codeigniter4-Init/codeIgniter4/system/Database/BaseConnection.php(1706): CodeIgniter\Database\BaseConnection->query()
#4 /home/andry/Documents/S5/MrRojo/REST/TP/codeigniter4-Init/codeIgniter4/system/Database/BaseConnection.php(1726): CodeIgniter\Database\BaseConnection->listTables()
#5 /home/andry/Documents/S5/MrRojo/REST/TP/codeigniter4-Init/codeIgniter4/system/Database/MigrationRunner.php(821): CodeIgniter\Database\BaseConnection->tableExists()
#6 /home/andry/Documents/S5/MrRojo/REST/TP/codeigniter4-Init/codeIgniter4/system/Database/MigrationRunner.php(173): CodeIgniter\Database\MigrationRunner->ensureTable()
#7 /home/andry/Documents/S5/MrRojo/REST/TP/codeigniter4-Init/codeIgniter4/system/Commands/Database/Migrate.php(89): CodeIgniter\Database\MigrationRunner->latest()
#8 /home/andry/Documents/S5/MrRojo/REST/TP/codeigniter4-Init/codeIgniter4/system/CLI/SignalTrait.php(245): CodeIgniter\Commands\Database\Migrate::{closure:CodeIgniter\Commands\Database\Migrate::run():88}()
#9 /home/andry/Documents/S5/MrRojo/REST/TP/codeigniter4-Init/codeIgniter4/system/Commands/Database/Migrate.php(88): CodeIgniter\Commands\Database\Migrate->withSignalsBlocked()
#10 /home/andry/Documents/S5/MrRojo/REST/TP/codeigniter4-Init/codeIgniter4/system/CLI/Commands.php(74): CodeIgniter\Commands\Database\Migrate->run()
#11 /home/andry/Documents/S5/MrRojo/REST/TP/codeigniter4-Init/codeIgniter4/system/CLI/Console.php(47): CodeIgniter\CLI\Commands->run()
#12 /home/andry/Documents/S5/MrRojo/REST/TP/codeigniter4-Init/codeIgniter4/system/Boot.php(442): CodeIgniter\CLI\Console->run()
#13 /home/andry/Documents/S5/MrRojo/REST/TP/codeigniter4-Init/codeIgniter4/system/Boot.php(166): CodeIgniter\Boot::runCommand()
#14 /home/andry/Documents/S5/MrRojo/REST/TP/codeigniter4-Init/codeIgniter4/spark(87): CodeIgniter\Boot::bootSpark()
#15 {main}
ERROR - 2026-09-22 08:48:35 --> Error connecting to the database: Error: Class "SQLite3" not found in /home/andry/Documents/S5/MrRojo/REST/TP/codeigniter4-Init/codeIgniter4/system/Database/SQLite3/Connection.php:111
Stack trace:
#0 /home/andry/Documents/S5/MrRojo/REST/TP/codeigniter4-Init/codeIgniter4/system/Database/BaseConnection.php(555): CodeIgniter\Database\SQLite3\Connection->connect()
#1 /home/andry/Documents/S5/MrRojo/REST/TP/codeigniter4-Init/codeIgniter4/system/Database/SQLite3/Connection.php(74): CodeIgniter\Database\BaseConnection->initialize()
#2 /home/andry/Documents/S5/MrRojo/REST/TP/codeigniter4-Init/codeIgniter4/system/Database/BaseConnection.php(795): CodeIgniter\Database\SQLite3\Connection->initialize()
#3 /home/andry/Documents/S5/MrRojo/REST/TP/codeigniter4-Init/codeIgniter4/system/Database/BaseConnection.php(1706): CodeIgniter\Database\BaseConnection->query()
#4 /home/andry/Documents/S5/MrRojo/REST/TP/codeigniter4-Init/codeIgniter4/system/Database/BaseConnection.php(1726): CodeIgniter\Database\BaseConnection->listTables()
#5 /home/andry/Documents/S5/MrRojo/REST/TP/codeigniter4-Init/codeIgniter4/system/Database/MigrationRunner.php(821): CodeIgniter\Database\BaseConnection->tableExists()
#6 /home/andry/Documents/S5/MrRojo/REST/TP/codeigniter4-Init/codeIgniter4/system/Database/MigrationRunner.php(173): CodeIgniter\Database\MigrationRunner->ensureTable()
#7 /home/andry/Documents/S5/MrRojo/REST/TP/codeigniter4-Init/codeIgniter4/system/Commands/Database/Migrate.php(89): CodeIgniter\Database\MigrationRunner->latest()
#8 /home/andry/Documents/S5/MrRojo/REST/TP/codeigniter4-Init/codeIgniter4/system/CLI/SignalTrait.php(245): CodeIgniter\Commands\Database\Migrate::{closure:CodeIgniter\Commands\Database\Migrate::run():88}()
#9 /home/andry/Documents/S5/MrRojo/REST/TP/codeigniter4-Init/codeIgniter4/system/Commands/Database/Migrate.php(88): CodeIgniter\Commands\Database\Migrate->withSignalsBlocked()
#10 /home/andry/Documents/S5/MrRojo/REST/TP/codeigniter4-Init/codeIgniter4/system/CLI/Commands.php(74): CodeIgniter\Commands\Database\Migrate->run()
#11 /home/andry/Documents/S5/MrRojo/REST/TP/codeigniter4-Init/codeIgniter4/system/CLI/Console.php(47): CodeIgniter\CLI\Commands->run()
#12 /home/andry/Documents/S5/MrRojo/REST/TP/codeigniter4-Init/codeIgniter4/system/Boot.php(442): CodeIgniter\CLI\Console->run()
#13 /home/andry/Documents/S5/MrRojo/REST/TP/codeigniter4-Init/codeIgniter4/system/Boot.php(166): CodeIgniter\Boot::runCommand()
#14 /home/andry/Documents/S5/MrRojo/REST/TP/codeigniter4-Init/codeIgniter4/spark(87): CodeIgniter\Boot::bootSpark()
#15 {main}
